[www.drserkanaygin.com/index.html]
[bulut.drserkanaygin.com/images/favicon-32x32.png]
[bulut.drserkanaygin.com/images/icons/apple/apple-touch-icon.png]
[bulut.drserkanaygin.com/images/favicon-16x16.png]
[bulut.drserkanaygin.com/images/icons/apple/apple-touch-icon-57x57.png]
[bulut.drserkanaygin.com/images/icons/apple/apple-touch-icon-72x72.png]
[bulut.drserkanaygin.com/images/icons/apple/apple-touch-icon-76x76.png]
[bulut.drserkanaygin.com/images/icons/apple/apple-touch-icon-114x114.png]
[bulut.drserkanaygin.com/images/icons/apple/apple-touch-icon-120x120.png]
[bulut.drserkanaygin.com/images/icons/apple/apple-touch-icon-144x144.png]
[bulut.drserkanaygin.com/images/icons/apple/apple-touch-icon-152x152.png]
[backblue.gif]
[fade.gif]
[index.html]
[bulut.drserkanaygin.com/images/icons/apple/apple-touch-icon-180x180.png]
[bulut.drserkanaygin.com/css/lfonts.css]
[bulut.drserkanaygin.com/build/css/allv-bc0f48e4b8.css]
[www.drserkanaygin.com/index.html]
[www.googletagmanager.com/gtm5445.html]
[bulut.drserkanaygin.com/css/lfonts.css]
[bulut.drserkanaygin.com/images/others/video-cover_covid19.jpg]
[bulut.drserkanaygin.com/images/slider/sac_ekim_analizi_500x500-min.png]
[bulut.drserkanaygin.com/images/others/beforeAfterBg.png]
[bulut.drserkanaygin.com/images/uploads/before-after/3311-7799-1599203421.jpg]
[bulut.drserkanaygin.com/images/others/drserkanaygin_373x629-min.png]
[images.provenexpert.com/99/58/658bee2ab4dc1f3607297d290e23/dr-serkan-aygin_full_1616399624.jpg]
[bulut.drserkanaygin.com/build/css/allv-bc0f48e4b8.css]
[bulut.drserkanaygin.com/js/jquery.min.js]
[bulut.drserkanaygin.com/images/others/flags.png]
[bulut.drserkanaygin.com/build/js/allv-4c1b04ede5.js]
[bulut.drserkanaygin.com/wp-content/uploads/2017/10/sagaltok_kesikli_bosluk_gri-min.png]
[bulut.drserkanaygin.com/wp-content/uploads/2017/10/sagaltok_dolu_bosluk_gri-min.png]
